   Γû▓ Next.js 15.5.7
   - Environments: .env

   Creating an optimized production build ...
 Γ£ô Compiled successfully in 35.9s
   Skipping validation of types
   Skipping linting
   Collecting page data ...
node.exe : GEMINI_API_KEY is not defined. Falling back to deterministic site g
eneration.
At line:1 char:1
+ & "C:\Program Files\nodejs/node.exe" "C:\Program Files\nodejs/node_mo ...
+ ~~~~~~~~~~~~~~~~~~~~~~~~~~~~~~~~~~~~~~~~~~~~~~~~~~~~~~~~~~~~~~~~~~~~~
    + CategoryInfo          : NotSpecified: (GEMINI_API_KEY ...ite generation 
   .:String) [], RemoteException
    + FullyQualifiedErrorId : NativeCommandError
 
   Generating static pages (0/95) ...
GEMINI_API_KEY is not defined. Falling back to deterministic site generation.
   Generating static pages (23/95) 
   Generating static pages (47/95) 
   Generating static pages (71/95) 
 Γ£ô Generating static pages (95/95)
   Finalizing page optimization ...
   Collecting build traces ...

Route (app)                                           Size  First Load JS
Γöî Γùï /                                                11 kB         202 kB
Γö£ Γùï /_not-found                                       1 kB         104 kB
Γö£ ╞Æ /api/admin/[adminId]                             382 B         103 kB
Γö£ ╞Æ /api/admin/[adminId]/[adminId2]/delete           382 B         103 kB
Γö£ ╞Æ /api/admin/[adminId]/[adminId2]/toggle-status    382 B         103 kB
Γö£ ╞Æ /api/admin/[adminId]/password                    382 B         103 kB
Γö£ ╞Æ /api/admin/[adminId]/toggle-status               382 B         103 kB
Γö£ ╞Æ /api/admin/action-logs                           382 B         103 kB
Γö£ ╞Æ /api/admin/auto-orders/client                    382 B         103 kB
Γö£ ╞Æ /api/admin/auto-orders/create                    382 B         103 kB
Γö£ ╞Æ /api/admin/auto-orders/schedule                  382 B         103 kB
Γö£ ╞Æ /api/admin/clients                               382 B         103 kB
Γö£ ╞Æ /api/admin/clients/[id]                          382 B         103 kB
Γö£ ╞Æ /api/admin/clients/bin                           382 B         103 kB
Γö£ ╞Æ /api/admin/clients/bulk-update                   382 B         103 kB
Γö£ ╞Æ /api/admin/clients/delete                        382 B         103 kB
Γö£ ╞Æ /api/admin/clients/permanent-delete              382 B         103 kB
Γö£ ╞Æ /api/admin/clients/restore                       382 B         103 kB
Γö£ ╞Æ /api/admin/clients/run-auto-orders               382 B         103 kB
Γö£ ╞Æ /api/admin/clients/toggle-status                 382 B         103 kB
Γö£ ╞Æ /api/admin/couriers                              382 B         103 kB
Γö£ ╞Æ /api/admin/database-import-xlsx                  382 B         103 kB
Γö£ ╞Æ /api/admin/database-import-xlsx-all              382 B         103 kB
Γö£ ╞Æ /api/admin/database-row                          382 B         103 kB
Γö£ ╞Æ /api/admin/database-snapshot                     382 B         103 kB
Γö£ ╞Æ /api/admin/dispatch/normalize-drafts             382 B         103 kB
Γö£ ╞Æ /api/admin/dispatch/ors-optimize                 382 B         103 kB
Γö£ ╞Æ /api/admin/dispatch/ors-polyline                 382 B         103 kB
Γö£ ╞Æ /api/admin/dispatch/start-day                    382 B         103 kB
Γö£ ╞Æ /api/admin/expand-url                            382 B         103 kB
Γö£ ╞Æ /api/admin/features                              382 B         103 kB
Γö£ ╞Æ /api/admin/finance/buy-ingredients               382 B         103 kB
Γö£ ╞Æ /api/admin/finance/clients                       382 B         103 kB
Γö£ ╞Æ /api/admin/finance/company                       382 B         103 kB
Γö£ ╞Æ /api/admin/finance/salary                        382 B         103 kB
Γö£ ╞Æ /api/admin/finance/transaction                   382 B         103 kB
Γö£ ╞Æ /api/admin/live-map                              382 B         103 kB
Γö£ ╞Æ /api/admin/low-admins                            382 B         103 kB
Γö£ ╞Æ /api/admin/low-admins/[id]                       382 B         103 kB
Γö£ ╞Æ /api/admin/me                                    382 B         103 kB
Γö£ ╞Æ /api/admin/menus                                 382 B         103 kB
Γö£ ╞Æ /api/admin/middle-admins                         382 B         103 kB
Γö£ ╞Æ /api/admin/orders/[orderId]/timeline             382 B         103 kB
Γö£ ╞Æ /api/admin/orders/bulk-update                    382 B         103 kB
Γö£ ╞Æ /api/admin/orders/delete                         382 B         103 kB
Γö£ ╞Æ /api/admin/orders/permanent-delete               382 B         103 kB
Γö£ ╞Æ /api/admin/orders/reorder                        382 B         103 kB
Γö£ ╞Æ /api/admin/orders/restore                        382 B         103 kB
Γö£ ╞Æ /api/admin/profile                               382 B         103 kB
Γö£ ╞Æ /api/admin/profile/change-password               382 B         103 kB
Γö£ ╞Æ /api/admin/route-optimize                        382 B         103 kB
Γö£ ╞Æ /api/admin/scheduler                             382 B         103 kB
Γö£ ╞Æ /api/admin/sets                                  382 B         103 kB
Γö£ ╞Æ /api/admin/sets/[id]                             382 B         103 kB
Γö£ ╞Æ /api/admin/statistics                            382 B         103 kB
Γö£ ╞Æ /api/admin/users-list                            382 B         103 kB
Γö£ ╞Æ /api/admin/warehouse                             382 B         103 kB
Γö£ ╞Æ /api/admin/warehouse/cook                        382 B         103 kB
Γö£ ╞Æ /api/admin/warehouse/cooking-plan                382 B         103 kB
Γö£ ╞Æ /api/admin/warehouse/dishes                      382 B         103 kB
Γö£ ╞Æ /api/admin/warehouse/ingredients                 382 B         103 kB
Γö£ ╞Æ /api/admin/warehouse/inventory                   382 B         103 kB
Γö£ ╞Æ /api/admin/website                               382 B         103 kB
Γö£ ╞Æ /api/admin/website/ai-edit                       382 B         103 kB
Γö£ ╞Æ /api/ai/chat                                     382 B         103 kB
Γö£ ╞Æ /api/auth/[...nextauth]                          382 B         103 kB
Γö£ ╞Æ /api/auth/login                                  382 B         103 kB
Γö£ ╞Æ /api/auth/signup                                 382 B         103 kB
Γö£ ╞Æ /api/chat/conversations                          382 B         103 kB
Γö£ ╞Æ /api/chat/messages                               382 B         103 kB
Γö£ ╞Æ /api/chat/send                                   382 B         103 kB
Γö£ ╞Æ /api/chat/users                                  382 B         103 kB
Γö£ ╞Æ /api/courier/location                            382 B         103 kB
Γö£ ╞Æ /api/courier/next-order                          382 B         103 kB
Γö£ ╞Æ /api/courier/orders                              382 B         103 kB
Γö£ ╞Æ /api/courier/orders/[id]/complete                382 B         103 kB
Γö£ ╞Æ /api/courier/orders/[id]/fail                    382 B         103 kB
Γö£ ╞Æ /api/courier/profile                             382 B         103 kB
Γö£ ╞Æ /api/courier/route                                 0 B            0 B
Γö£ ╞Æ /api/courier/stats                               382 B         103 kB
Γö£ ╞Æ /api/cron/check-trials                           382 B         103 kB
Γö£ ╞Æ /api/cron/scheduler                              382 B         103 kB
Γö£ ╞Æ /api/customers                                   382 B         103 kB
Γö£ ╞Æ /api/customers/auth/login                        382 B         103 kB
Γö£ ╞Æ /api/customers/auth/logout                       382 B         103 kB
Γö£ ╞Æ /api/customers/orders                            382 B         103 kB
Γö£ ╞Æ /api/customers/orders/[id]                       382 B         103 kB
Γö£ ╞Æ /api/customers/plan                              382 B         103 kB
Γö£ ╞Æ /api/customers/profile                           382 B         103 kB
Γö£ ╞Æ /api/customers/today-menu                        382 B         103 kB
Γö£ ╞Æ /api/health                                      382 B         103 kB
Γö£ ╞Æ /api/orders                                      382 B         103 kB
Γö£ ╞Æ /api/orders/[orderId]                            382 B         103 kB
Γö£ ╞Æ /api/sites/[subdomain]                           382 B         103 kB
Γö£ ╞Æ /api/sites/[subdomain]/auth/login                382 B         103 kB
Γö£ ╞Æ /api/sites/[subdomain]/auth/register             382 B         103 kB
Γö£ ╞Æ /api/sites/[subdomain]/auth/send-code            382 B         103 kB
Γö£ ╞Æ /api/sites/[subdomain]/auth/verify-code          382 B         103 kB
Γö£ ╞Æ /api/system/auto-scheduler                       382 B         103 kB
Γö£ ╞Æ /auth/redirect                                   382 B         103 kB
Γö£ Γùï /courier                                       16.8 kB         226 kB
Γö£ Γùï /login                                         3.86 kB         211 kB
Γö£ Γùï /low-admin                                       164 B         311 kB
Γö£ Γùï /middle-admin                                    164 B         311 kB
Γö£ Γùï /middle-admin/database                         18.6 kB         205 kB
Γö£ Γùï /offline                                         179 B         106 kB
Γö£ Γùï /robots.txt                                      382 B         103 kB
Γö£ Γùï /signup                                        3.61 kB         211 kB
Γö£ Γùï /sitemap.xml                                     382 B         103 kB
Γö£ ╞Æ /sites/[subdomain]                              4.5 kB         124 kB
Γö£ ╞Æ /sites/[subdomain]/client                      8.77 kB         138 kB
Γö£ ╞Æ /sites/[subdomain]/dashboard                     382 B         103 kB
Γö£ ╞Æ /sites/[subdomain]/history                     4.49 kB         124 kB
Γö£ ╞Æ /sites/[subdomain]/login                       3.71 kB         133 kB
Γö£ ╞Æ /sites/[subdomain]/register                    3.46 kB         133 kB
Γö£ Γùï /sites/example-healthy-food                    5.78 kB         121 kB
Γöö Γùï /super-admin                                   19.1 kB         242 kB
+ First Load JS shared by all                       103 kB
  Γö£ chunks/1255-642c76f13c20a3ec.js                45.5 kB
  Γö£ chunks/4bd1b696-100b9d70ed4e49c1.js            54.2 kB
  Γöö other shared chunks (total)                     3.1 kB


╞Æ Middleware                                        113 kB

Γùï  (Static)   prerendered as static content
╞Æ  (Dynamic)  server-rendered on demand

