Universal Dash _ Google AI Studio_files/main.tsx(1,1): error TS1109: Expression expected.
Universal Dash _ Google AI Studio_files/main.tsx(1,11): error TS1005: ';' expected.
Universal Dash _ Google AI Studio_files/main.tsx(2,2): error TS17008: JSX element 'html' has no corresponding closing tag.
Universal Dash _ Google AI Studio_files/main.tsx(3,4): error TS17008: JSX element 'head' has no corresponding closing tag.
Universal Dash _ Google AI Studio_files/main.tsx(10,6): error TS17008: JSX element 'link' has no corresponding closing tag.
Universal Dash _ Google AI Studio_files/main.tsx(15,21): error TS1005: '}' expected.
Universal Dash _ Google AI Studio_files/main.tsx(16,7): error TS1381: Unexpected token. Did you mean `{'}'}` or `&rbrace;`?
Universal Dash _ Google AI Studio_files/main.tsx(19,20): error TS1005: '}' expected.
Universal Dash _ Google AI Studio_files/main.tsx(31,7): error TS1381: Unexpected token. Did you mean `{'}'}` or `&rbrace;`?
Universal Dash _ Google AI Studio_files/main.tsx(34,19): error TS1005: '}' expected.
Universal Dash _ Google AI Studio_files/main.tsx(41,7): error TS1381: Unexpected token. Did you mean `{'}'}` or `&rbrace;`?
Universal Dash _ Google AI Studio_files/main.tsx(44,18): error TS1005: '}' expected.
Universal Dash _ Google AI Studio_files/main.tsx(49,7): error TS1381: Unexpected token. Did you mean `{'}'}` or `&rbrace;`?
Universal Dash _ Google AI Studio_files/main.tsx(52,18): error TS1005: '}' expected.
Universal Dash _ Google AI Studio_files/main.tsx(56,7): error TS1381: Unexpected token. Did you mean `{'}'}` or `&rbrace;`?
Universal Dash _ Google AI Studio_files/main.tsx(59,22): error TS1005: '}' expected.
Universal Dash _ Google AI Studio_files/main.tsx(61,7): error TS1381: Unexpected token. Did you mean `{'}'}` or `&rbrace;`?
Universal Dash _ Google AI Studio_files/main.tsx(64,16): error TS1005: '}' expected.
Universal Dash _ Google AI Studio_files/main.tsx(68,7): error TS1381: Unexpected token. Did you mean `{'}'}` or `&rbrace;`?
Universal Dash _ Google AI Studio_files/main.tsx(71,25): error TS1005: '}' expected.
Universal Dash _ Google AI Studio_files/main.tsx(83,7): error TS1381: Unexpected token. Did you mean `{'}'}` or `&rbrace;`?
Universal Dash _ Google AI Studio_files/main.tsx(86,25): error TS1005: '}' expected.
Universal Dash _ Google AI Studio_files/main.tsx(87,7): error TS1381: Unexpected token. Did you mean `{'}'}` or `&rbrace;`?
Universal Dash _ Google AI Studio_files/main.tsx(90,16): error TS1005: '}' expected.
Universal Dash _ Google AI Studio_files/main.tsx(91,7): error TS1381: Unexpected token. Did you mean `{'}'}` or `&rbrace;`?
Universal Dash _ Google AI Studio_files/main.tsx(95,15): error TS1005: '}' expected.
Universal Dash _ Google AI Studio_files/main.tsx(102,7): error TS1381: Unexpected token. Did you mean `{'}'}` or `&rbrace;`?
Universal Dash _ Google AI Studio_files/main.tsx(105,22): error TS1005: '}' expected.
Universal Dash _ Google AI Studio_files/main.tsx(108,7): error TS1381: Unexpected token. Did you mean `{'}'}` or `&rbrace;`?
Universal Dash _ Google AI Studio_files/main.tsx(111,16): error TS1005: '}' expected.
Universal Dash _ Google AI Studio_files/main.tsx(112,7): error TS1381: Unexpected token. Did you mean `{'}'}` or `&rbrace;`?
Universal Dash _ Google AI Studio_files/main.tsx(116,30): error TS1351: An identifier or keyword cannot immediately follow a numeric literal.
Universal Dash _ Google AI Studio_files/main.tsx(116,34): error TS1005: ',' expected.
Universal Dash _ Google AI Studio_files/main.tsx(118,9): error TS1005: '}' expected.
Universal Dash _ Google AI Studio_files/main.tsx(119,20): error TS1005: '}' expected.
Universal Dash _ Google AI Studio_files/main.tsx(120,9): error TS1381: Unexpected token. Did you mean `{'}'}` or `&rbrace;`?
Universal Dash _ Google AI Studio_files/main.tsx(121,7): error TS1381: Unexpected token. Did you mean `{'}'}` or `&rbrace;`?
Universal Dash _ Google AI Studio_files/main.tsx(123,5): error TS17002: Expected corresponding JSX closing tag for 'link'.
Universal Dash _ Google AI Studio_files/main.tsx(185,9): error TS1109: Expression expected.
Universal Dash _ Google AI Studio_files/main.tsx(186,43): error TS1003: Identifier expected.
Universal Dash _ Google AI Studio_files/main.tsx(187,15): error TS1005: '}' expected.
Universal Dash _ Google AI Studio_files/main.tsx(189,13): error TS1109: Expression expected.
Universal Dash _ Google AI Studio_files/main.tsx(190,11): error TS1381: Unexpected token. Did you mean `{'}'}` or `&rbrace;`?
Universal Dash _ Google AI Studio_files/main.tsx(191,9): error TS1381: Unexpected token. Did you mean `{'}'}` or `&rbrace;`?
Universal Dash _ Google AI Studio_files/main.tsx(193,7): error TS1381: Unexpected token. Did you mean `{'}'}` or `&rbrace;`?
Universal Dash _ Google AI Studio_files/main.tsx(200,167): error TS1005: '}' expected.
Universal Dash _ Google AI Studio_files/main.tsx(201,7): error TS1381: Unexpected token. Did you mean `{'}'}` or `&rbrace;`?
Universal Dash _ Google AI Studio_files/main.tsx(207,9): error TS1109: Expression expected.
Universal Dash _ Google AI Studio_files/main.tsx(208,7): error TS1381: Unexpected token. Did you mean `{'}'}` or `&rbrace;`?
Universal Dash _ Google AI Studio_files/main.tsx(215,9): error TS1109: Expression expected.
Universal Dash _ Google AI Studio_files/main.tsx(217,11): error TS1109: Expression expected.
Universal Dash _ Google AI Studio_files/main.tsx(227,76): error TS1005: '}' expected.
Universal Dash _ Google AI Studio_files/main.tsx(228,11): error TS1381: Unexpected token. Did you mean `{'}'}` or `&rbrace;`?
Universal Dash _ Google AI Studio_files/main.tsx(229,37): error TS1005: '}' expected.
Universal Dash _ Google AI Studio_files/main.tsx(230,11): error TS1381: Unexpected token. Did you mean `{'}'}` or `&rbrace;`?
Universal Dash _ Google AI Studio_files/main.tsx(231,9): error TS1381: Unexpected token. Did you mean `{'}'}` or `&rbrace;`?
Universal Dash _ Google AI Studio_files/main.tsx(232,43): error TS1005: '}' expected.
Universal Dash _ Google AI Studio_files/main.tsx(233,9): error TS1381: Unexpected token. Did you mean `{'}'}` or `&rbrace;`?
Universal Dash _ Google AI Studio_files/main.tsx(234,7): error TS1381: Unexpected token. Did you mean `{'}'}` or `&rbrace;`?
Universal Dash _ Google AI Studio_files/main.tsx(241,9): error TS1109: Expression expected.
Universal Dash _ Google AI Studio_files/main.tsx(242,48): error TS1005: '}' expected.
Universal Dash _ Google AI Studio_files/main.tsx(244,9): error TS1381: Unexpected token. Did you mean `{'}'}` or `&rbrace;`?
Universal Dash _ Google AI Studio_files/main.tsx(245,57): error TS1005: '}' expected.
Universal Dash _ Google AI Studio_files/main.tsx(246,9): error TS1381: Unexpected token. Did you mean `{'}'}` or `&rbrace;`?
Universal Dash _ Google AI Studio_files/main.tsx(247,7): error TS1381: Unexpected token. Did you mean `{'}'}` or `&rbrace;`?
Universal Dash _ Google AI Studio_files/main.tsx(254,32): error TS1005: '}' expected.
Universal Dash _ Google AI Studio_files/main.tsx(257,11): error TS1109: Expression expected.
Universal Dash _ Google AI Studio_files/main.tsx(260,71): error TS1005: '}' expected.
Universal Dash _ Google AI Studio_files/main.tsx(262,11): error TS1381: Unexpected token. Did you mean `{'}'}` or `&rbrace;`?
Universal Dash _ Google AI Studio_files/main.tsx(263,39): error TS1005: '}' expected.
Universal Dash _ Google AI Studio_files/main.tsx(265,11): error TS1381: Unexpected token. Did you mean `{'}'}` or `&rbrace;`?
Universal Dash _ Google AI Studio_files/main.tsx(266,9): error TS1381: Unexpected token. Did you mean `{'}'}` or `&rbrace;`?
Universal Dash _ Google AI Studio_files/main.tsx(271,7): error TS1381: Unexpected token. Did you mean `{'}'}` or `&rbrace;`?
Universal Dash _ Google AI Studio_files/main.tsx(277,3): error TS17002: Expected corresponding JSX closing tag for 'link'.
Universal Dash _ Google AI Studio_files/main.tsx(278,1): error TS1005: '</' expected.
